// Jest Snapshot v1, https://goo.gl/fbAQLP

exports[`PostTemplate renders correctly 1`] = `
<div
  className="layout"
>
  <div
    className="post"
  >
    <a
      className="post__home-button"
      href="/#articles"
    >
      All Articles
    </a>
    <div
      className="post__content"
    >
      <div
        className="content"
      >
        <h1
          className="content__title"
        >
          test
        </h1>
        <div
          className="content__body"
          dangerouslySetInnerHTML={
            Object {
              "__html": "<p>test</p>",
            }
          }
        />
      </div>
    </div>
    <div
      className="post__footer"
    >
      <div
        className="meta"
      >
        <p
          className="meta__date"
        >
          Published 
          1 Sep 2016
        </p>
      </div>
      <div
        className="tags"
      >
        <ul
          className="tags__list"
        >
          <li
            className="tags__list-item"
          >
            <a
              className="tags__list-item-link"
              href="/test_0"
            >
              test_0
            </a>
          </li>
          <li
            className="tags__list-item"
          >
            <a
              className="tags__list-item-link"
              href="/test_1"
            >
              test_1
            </a>
          </li>
        </ul>
      </div>
      <div
        className="author"
      >
        <p
          className="author__bio"
        >
          Test bio
          <a
            className="author__bio-linkedin"
            href="https://www.linkedin.com/in/undefined"
            rel="noopener noreferrer"
            target="_blank"
          >
            <strong>
              Test name
            </strong>
             on LinkedIn
          </a>
        </p>
        <form
          action="https://tinyletter.com/abeyep"
          className="author__form"
          method="post"
          onSubmit={[Function]}
          target="popupwindow"
        >
          <p
            className="author__form-header"
          >
            Let's stay in touch!
          </p>
          <p
            className="author__form-description"
          >
            Subscribe to my newsletter for updates.
          </p>
          <p>
            <label
              className="author__form-label"
              htmlFor="tlemail"
            >
              Email Address
            </label>
            <input
              className="author__form-input"
              id="tlemail"
              name="email"
              type="email"
            />
          </p>
          <input
            name="embed"
            type="hidden"
            value="1"
          />
          <input
            className="author__form-button"
            type="submit"
            value="Subscribe"
          />
        </form>
      </div>
    </div>
    <div
      className="post__comments"
    />
  </div>
</div>
`;
